Лабораторная работа №1 по ПЗИИС, часть 2.
Вариант: PostgreSQL - реляционная СУБД.
Журнал прогона: /lab/part2.log

==================================================
Управление доступом к СУБД PostgreSQL
==================================================
1. Установить PostgreSQL
2. Настроить политику безопасности
3. Проверить политику безопасности
4. Полностью удалить PostgreSQL
5. Выход
--------------------------------------------------
Выберите действие (1-5): 
Выход.
Лабораторная работа №1 по ПЗИИС, часть 2.
Вариант: PostgreSQL - реляционная СУБД.
Журнал прогона: /lab/part2.log

==============================================================================
Пункт 2. Настройка политики безопасности
==============================================================================
Ошибка: PostgreSQL не установлена. Сначала выполните пункт 1.

==============================================================================
Пункт 3. Проверка корректности политики безопасности
==============================================================================
Ошибка: PostgreSQL не установлена. Сначала выполните пункт 1.
Лабораторная работа №1 по ПЗИИС, часть 2.
Вариант: PostgreSQL - реляционная СУБД.
Журнал прогона: /lab/part2.log

==============================================================================
Пункт 1. Установка PostgreSQL
==============================================================================
Проверка блокировок dpkg/apt...
Обновление списков пакетов...
Установка пакетов postgresql и postgresql-contrib...
Установлены пакеты: postgresql, postgresql-16, postgresql-client-16, postgresql-client-common, postgresql-common, postgresql-contrib
Версия кластера: 16
Каталог данных: /var/lib/postgresql/16/main
Запуск кластера...
Пароль суперпользователя postgres установлен: да
Настроен /etc/postgresql/16/main/pg_hba.conf: подключения по TCP требуют пароль (scram-sha-256).

psql (PostgreSQL) 16.15 (Ubuntu 16.15-0ubuntu0.24.04.1)
PostgreSQL успешно установлена и запущена.

==============================================================================
Пункт 2. Настройка политики безопасности
==============================================================================
Создание ролей, учётных записей и базы данных...
Создание схемы, таблиц и выдача привилегий...

Настроенная ролевая модель:
  роль         учётная запись полномочия
  ------------------------------------------------------------------------
  admin_role   admin_sys    все привилегии на app_db и схему app, CREATEDB, CREATEROLE, BYPASSRLS
  user_role    user_sub     SELECT/INSERT/UPDATE/DELETE во всех таблицах схемы app
  guest_role   guest_read   SELECT только столбцов (id, data) таблицы public_data
                            и только строк с visibility = 'public'

Политика безопасности настроена.

==============================================================================
Пункт 3. Проверка корректности политики безопасности
==============================================================================
  проверка                                                 ожидание   результат  итог
  --------------------------------------------------------------------------------------------
  Администратор: список баз данных                         успех      успех      PASS
  Администратор: чтение private_data                       успех      успех      PASS
  Администратор: создание таблицы                          успех      успех      PASS
  Администратор: выдача привилегий                         успех      успех      PASS
  Администратор: создание роли                             успех      успех      PASS
  Пользователь: чтение public_data                         успех      успех      PASS
  Пользователь: чтение private_data                        успех      успех      PASS
  Пользователь: вставка в public_data                      успех      успех      PASS
  Пользователь: изменение public_data                      успех      успех      PASS
  Пользователь: удаление из public_data                    успех      успех      PASS
  Пользователь: создание таблицы (ожидается отказ)         отказ      отказ      PASS
  Пользователь: смена владельца таблицы (ожидается отказ)  отказ      отказ      PASS
  Пользователь: удаление таблицы (ожидается отказ)         отказ      отказ      PASS
  Пользователь: создание базы данных (ожидается отказ)     отказ      отказ      PASS
  Гость: чтение разрешённых столбцов public_data           успех      успех      PASS
  Гость: чтение всех столбцов public_data (ожидается отказ) отказ      отказ      PASS
  Гость: чтение private_data (ожидается отказ)             отказ      отказ      PASS
  Гость: вставка в public_data (ожидается отказ)           отказ      отказ      PASS
  Гость: изменение public_data (ожидается отказ)           отказ      отказ      PASS
  Гость: подключение к postgres (ожидается отказ)          отказ      отказ      PASS
  Пользователь: расширение прав гостя не имеет эффекта     отказ      отказ      PASS
  Гость: построчная защита public_data                     меньше     3 из 5     PASS

Итог: пройдено 22 из 22 проверок.
Политика безопасности работает корректно.
Лабораторная работа №1 по ПЗИИС, часть 2.
Вариант: PostgreSQL - реляционная СУБД.
Журнал прогона: /lab/part2.log

==============================================================================
Пункт 4. Полное удаление PostgreSQL
==============================================================================
Проверка блокировок dpkg/apt...
Остановка кластера...
Удаление пакетов...
  удаляются: postgresql, postgresql-16, postgresql-client-16, postgresql-client-common, postgresql-common, postgresql-contrib
Удаление конфигурационных файлов, каталогов данных и журналов...
  удалён /etc/postgresql
  удалён /etc/postgresql-common
  удалён /var/lib/postgresql
  удалён /var/log/postgresql
  удалён /var/run/postgresql
Удаление системной учётной записи...
  пользователь postgres удалён

Проверка результата удаления:
  PostgreSQL полностью удалена, следов в системе не осталось.
