Лабораторная работа №1 по ПЗИИС, часть 1.
Управление доступом к объектам операционной системы.
Журнал прогона: /lab/part1.log

==============================================================================
Шаги 1-5. Создание групп и пользователей
==============================================================================
  группа group_iit1   создана
  группа group_iit2   создана
  пользователь iit11  создан    группы: group_iit1
  пользователь iit12  создан    группы: group_iit1
  пользователь iit21  создан    группы: group_iit2
  пользователь iit22  создан    группы: group_iit2
  пользователь iit3   создан    группы: iit3
  iit21 добавлен в группу sudo и получил NOPASSWD в sudoers

==============================================================================
Шаги 6-11. Создание каталогов
==============================================================================
  /pzs  root:root  755 (родительский каталог, доступен для обхода)
  /pzs/pzs11             iit11:group_iit1 0700  rwx только владельцу
  /pzs/pzs12             root:group_iit1 0070  rwx только группе
  /pzs/pzs13             root:root    0007  rwx только остальным
  /pzs/pzs14             root:root    0777  rwx всем
  /pzs/pzs15             root:root    0700  rwx только администратору

==============================================================================
Шаги 12-13. Создание файлов от имени пользователя iit11
==============================================================================
  /pzs/pzs11: создано 25 файлов
  /pzs/pzs12: создано 25 файлов
  /pzs/pzs13: создано 25 файлов
  /pzs/pzs14: создано 25 файлов
  эталонная копия набора файлов: /var/tmp/pzs_template

==============================================================================
Шаг 14. Проверка чтения, записи и выполнения файлов
==============================================================================

  Каталог /pzs/pzs11 (iit11:group_iit1 0700, rwx только владельцу)
  каталог  файл     режим  iit11  iit12  iit21  iit22  iit3   root  
  ------------------------------------------------------------------
  pzs11    file11   0400   r--    ---    ---    ---    ---    rw-   
  pzs11    file12   0600   rw-    ---    ---    ---    ---    rw-   
  pzs11    file13   0200   -w-    ---    ---    ---    ---    rw-   
  pzs11    file14   0700   rwx    ---    ---    ---    ---    rwx   
  pzs11    file15   0100   ---    ---    ---    ---    ---    rwx   
  pzs11    file21   0040   ---    ---    ---    ---    ---    rw-   
  pzs11    file22   0060   ---    ---    ---    ---    ---    rw-   
  pzs11    file23   0020   ---    ---    ---    ---    ---    rw-   
  pzs11    file24   0070   ---    ---    ---    ---    ---    rwx   
  pzs11    file25   0010   ---    ---    ---    ---    ---    rwx   
  pzs11    file31   0004   ---    ---    ---    ---    ---    rw-   
  pzs11    file32   0006   ---    ---    ---    ---    ---    rw-   
  pzs11    file33   0002   ---    ---    ---    ---    ---    rw-   
  pzs11    file34   0007   ---    ---    ---    ---    ---    rwx   
  pzs11    file35   0001   ---    ---    ---    ---    ---    rwx   
  pzs11    file41   0444   r--    ---    ---    ---    ---    rw-   
  pzs11    file42   0666   rw-    ---    ---    ---    ---    rw-   
  pzs11    file43   0222   -w-    ---    ---    ---    ---    rw-   
  pzs11    file44   0777   rwx    ---    ---    ---    ---    rwx   
  pzs11    file45   0111   ---    ---    ---    ---    ---    rwx   
  pzs11    file51   0400   ---    ---    ---    ---    ---    rw-   
  pzs11    file52   0600   ---    ---    ---    ---    ---    rw-   
  pzs11    file53   0200   ---    ---    ---    ---    ---    rw-   
  pzs11    file54   0700   ---    ---    ---    ---    ---    rwx   
  pzs11    file55   0100   ---    ---    ---    ---    ---    rwx   

  Каталог /pzs/pzs12 (root:group_iit1 0070, rwx только группе)
  каталог  файл     режим  iit11  iit12  iit21  iit22  iit3   root  
  ------------------------------------------------------------------
  pzs12    file11   0400   r--    ---    ---    ---    ---    rw-   
  pzs12    file12   0600   rw-    ---    ---    ---    ---    rw-   
  pzs12    file13   0200   -w-    ---    ---    ---    ---    rw-   
  pzs12    file14   0700   rwx    ---    ---    ---    ---    rwx   
  pzs12    file15   0100   ---    ---    ---    ---    ---    rwx   
  pzs12    file21   0040   ---    r--    ---    ---    ---    rw-   
  pzs12    file22   0060   ---    rw-    ---    ---    ---    rw-   
  pzs12    file23   0020   ---    -w-    ---    ---    ---    rw-   
  pzs12    file24   0070   ---    rwx    ---    ---    ---    rwx   
  pzs12    file25   0010   ---    ---    ---    ---    ---    rwx   
  pzs12    file31   0004   ---    ---    ---    ---    ---    rw-   
  pzs12    file32   0006   ---    ---    ---    ---    ---    rw-   
  pzs12    file33   0002   ---    ---    ---    ---    ---    rw-   
  pzs12    file34   0007   ---    ---    ---    ---    ---    rwx   
  pzs12    file35   0001   ---    ---    ---    ---    ---    rwx   
  pzs12    file41   0444   r--    r--    ---    ---    ---    rw-   
  pzs12    file42   0666   rw-    rw-    ---    ---    ---    rw-   
  pzs12    file43   0222   -w-    -w-    ---    ---    ---    rw-   
  pzs12    file44   0777   rwx    rwx    ---    ---    ---    rwx   
  pzs12    file45   0111   ---    ---    ---    ---    ---    rwx   
  pzs12    file51   0400   ---    ---    ---    ---    ---    rw-   
  pzs12    file52   0600   ---    ---    ---    ---    ---    rw-   
  pzs12    file53   0200   ---    ---    ---    ---    ---    rw-   
  pzs12    file54   0700   ---    ---    ---    ---    ---    rwx   
  pzs12    file55   0100   ---    ---    ---    ---    ---    rwx   

  Каталог /pzs/pzs13 (root:root 0007, rwx только остальным)
  каталог  файл     режим  iit11  iit12  iit21  iit22  iit3   root  
  ------------------------------------------------------------------
  pzs13    file11   0400   r--    ---    ---    ---    ---    rw-   
  pzs13    file12   0600   rw-    ---    ---    ---    ---    rw-   
  pzs13    file13   0200   -w-    ---    ---    ---    ---    rw-   
  pzs13    file14   0700   rwx    ---    ---    ---    ---    rwx   
  pzs13    file15   0100   ---    ---    ---    ---    ---    rwx   
  pzs13    file21   0040   ---    r--    ---    ---    ---    rw-   
  pzs13    file22   0060   ---    rw-    ---    ---    ---    rw-   
  pzs13    file23   0020   ---    -w-    ---    ---    ---    rw-   
  pzs13    file24   0070   ---    rwx    ---    ---    ---    rwx   
  pzs13    file25   0010   ---    ---    ---    ---    ---    rwx   
  pzs13    file31   0004   ---    ---    r--    r--    r--    rw-   
  pzs13    file32   0006   ---    ---    rw-    rw-    rw-    rw-   
  pzs13    file33   0002   ---    ---    -w-    -w-    -w-    rw-   
  pzs13    file34   0007   ---    ---    rwx    rwx    rwx    rwx   
  pzs13    file35   0001   ---    ---    ---    ---    ---    rwx   
  pzs13    file41   0444   r--    r--    r--    r--    r--    rw-   
  pzs13    file42   0666   rw-    rw-    rw-    rw-    rw-    rw-   
  pzs13    file43   0222   -w-    -w-    -w-    -w-    -w-    rw-   
  pzs13    file44   0777   rwx    rwx    rwx    rwx    rwx    rwx   
  pzs13    file45   0111   ---    ---    ---    ---    ---    rwx   
  pzs13    file51   0400   ---    ---    ---    ---    ---    rw-   
  pzs13    file52   0600   ---    ---    ---    ---    ---    rw-   
  pzs13    file53   0200   ---    ---    ---    ---    ---    rw-   
  pzs13    file54   0700   ---    ---    ---    ---    ---    rwx   
  pzs13    file55   0100   ---    ---    ---    ---    ---    rwx   

  Каталог /pzs/pzs14 (root:root 0777, rwx всем)
  каталог  файл     режим  iit11  iit12  iit21  iit22  iit3   root  
  ------------------------------------------------------------------
  pzs14    file11   0400   r--    ---    ---    ---    ---    rw-   
  pzs14    file12   0600   rw-    ---    ---    ---    ---    rw-   
  pzs14    file13   0200   -w-    ---    ---    ---    ---    rw-   
  pzs14    file14   0700   rwx    ---    ---    ---    ---    rwx   
  pzs14    file15   0100   ---    ---    ---    ---    ---    rwx   
  pzs14    file21   0040   ---    r--    ---    ---    ---    rw-   
  pzs14    file22   0060   ---    rw-    ---    ---    ---    rw-   
  pzs14    file23   0020   ---    -w-    ---    ---    ---    rw-   
  pzs14    file24   0070   ---    rwx    ---    ---    ---    rwx   
  pzs14    file25   0010   ---    ---    ---    ---    ---    rwx   
  pzs14    file31   0004   ---    ---    r--    r--    r--    rw-   
  pzs14    file32   0006   ---    ---    rw-    rw-    rw-    rw-   
  pzs14    file33   0002   ---    ---    -w-    -w-    -w-    rw-   
  pzs14    file34   0007   ---    ---    rwx    rwx    rwx    rwx   
  pzs14    file35   0001   ---    ---    ---    ---    ---    rwx   
  pzs14    file41   0444   r--    r--    r--    r--    r--    rw-   
  pzs14    file42   0666   rw-    rw-    rw-    rw-    rw-    rw-   
  pzs14    file43   0222   -w-    -w-    -w-    -w-    -w-    rw-   
  pzs14    file44   0777   rwx    rwx    rwx    rwx    rwx    rwx   
  pzs14    file45   0111   ---    ---    ---    ---    ---    rwx   
  pzs14    file51   0400   ---    ---    ---    ---    ---    rw-   
  pzs14    file52   0600   ---    ---    ---    ---    ---    rw-   
  pzs14    file53   0200   ---    ---    ---    ---    ---    rw-   
  pzs14    file54   0700   ---    ---    ---    ---    ---    rwx   
  pzs14    file55   0100   ---    ---    ---    ---    ---    rwx   

  Наблюдение: случаев, когда классу субъекта выдан бит x, но не выдан бит r: 40, и все они завершились отказом.
  Интерпретатору, указанному в первой строке сценария, требуется прочитать его текст, поэтому режимы вида
  100, 010, 001 и 111 делают файл неисполнимым, несмотря на выставленный бит выполнения.
  Для суперпользователя действует отдельное правило: он читает и пишет любой файл, но выполнить может
  только тот, у которого выставлен хотя бы один бит x.

==============================================================================
Шаг 15. Запуск файлов filex5 и проверка завершения процессов
==============================================================================

  15.1. Запуск от имени iit11 в точном соответствии с заданием.
  каталог  файл     режим  запуск     причина
  --------------------------------------------------------------------------
  pzs11    file15   0100   отказ      Permission denied
  pzs11    file25   0010   отказ      Permission denied
  pzs11    file35   0001   отказ      Permission denied
  pzs11    file45   0111   отказ      Permission denied
  pzs11    file55   0100   отказ      Permission denied
  pzs12    file15   0100   отказ      Permission denied
  pzs12    file25   0010   отказ      Permission denied
  pzs12    file35   0001   отказ      Permission denied
  pzs12    file45   0111   отказ      Permission denied
  pzs12    file55   0100   отказ      Permission denied
  pzs13    file15   0100   отказ      Permission denied
  pzs13    file25   0010   отказ      Permission denied
  pzs13    file35   0001   отказ      Permission denied
  pzs13    file45   0111   отказ      Permission denied
  pzs13    file55   0100   отказ      Permission denied
  pzs14    file15   0100   отказ      Permission denied
  pzs14    file25   0010   отказ      Permission denied
  pzs14    file35   0001   отказ      Permission denied
  pzs14    file45   0111   отказ      Permission denied
  pzs14    file55   0100   отказ      Permission denied

  Ни один файл filex5 не запускается пользователем iit11: у всех пяти файлов выставлен только бит
  выполнения без бита чтения, а для классов group и other пользователь iit11 является владельцем
  и попадает в класс owner с нулевыми правами. Это корректное поведение модели POSIX.

  15.2. Демонстрация правил управления процессами.
  Каждый файл запускается тем субъектом, которому его класс прав разрешает выполнение; недостающий
  классу бит чтения выдаётся временно и возвращается сразу после проверки. Затем каждый субъект
  пробует завершить процесс сигналом TERM.

  каталог  файл     владелец iit11  iit12  iit21  iit22  iit3   root   sudo:iit21
  -------------------------------------------------------------------------------
  pzs11    file15   iit11    да     нет    нет    нет    нет    да     да
  pzs11    file25   iit12    н/д    н/д    н/д    н/д    н/д    н/д    н/д
  pzs11    file35   iit3     н/д    н/д    н/д    н/д    н/д    н/д    н/д
  pzs11    file45   iit11    да     нет    нет    нет    нет    да     да
  pzs11    file55   root     нет    нет    нет    нет    нет    да     да
  pzs12    file15   iit11    да     нет    нет    нет    нет    да     да
  pzs12    file25   iit12    нет    да     нет    нет    нет    да     да
  pzs12    file35   iit3     н/д    н/д    н/д    н/д    н/д    н/д    н/д
  pzs12    file45   iit11    да     нет    нет    нет    нет    да     да
  pzs12    file55   root     нет    нет    нет    нет    нет    да     да
  pzs13    file15   iit11    да     нет    нет    нет    нет    да     да
  pzs13    file25   iit12    нет    да     нет    нет    нет    да     да
  pzs13    file35   iit3     нет    нет    нет    нет    да     да     да
  pzs13    file45   iit11    да     нет    нет    нет    нет    да     да
  pzs13    file55   root     нет    нет    нет    нет    нет    да     да
  pzs14    file15   iit11    да     нет    нет    нет    нет    да     да
  pzs14    file25   iit12    нет    да     нет    нет    нет    да     да
  pzs14    file35   iit3     нет    нет    нет    нет    да     да     да
  pzs14    file45   iit11    да     нет    нет    нет    нет    да     да
  pzs14    file55   root     нет    нет    нет    нет    нет    да     да

  Значение н/д означает, что процесс не удалось запустить: субъект, которому класс прав файла
  разрешает выполнение, не имеет доступа к самому каталогу.

==============================================================================
Шаг 16. Проверка листинга, создания и удаления файлов в каталогах
==============================================================================
  каталог  субъект листинг  создание удаление       примечание
  --------------------------------------------------------------------------
  pzs11    iit11  да       да       25 из 25       удаление зависит от прав на каталог, а не на файл
  pzs11    iit12  нет      нет      0 из 25        
  pzs11    iit21  нет      нет      0 из 25        
  pzs11    iit22  нет      нет      0 из 25        
  pzs11    iit3   нет      нет      0 из 25        
  pzs11    root   да       да       25 из 25       удаление зависит от прав на каталог, а не на файл
  pzs12    iit11  да       да       25 из 25       удаление зависит от прав на каталог, а не на файл
  pzs12    iit12  да       да       25 из 25       удаление зависит от прав на каталог, а не на файл
  pzs12    iit21  нет      нет      0 из 25        
  pzs12    iit22  нет      нет      0 из 25        
  pzs12    iit3   нет      нет      0 из 25        
  pzs12    root   да       да       25 из 25       удаление зависит от прав на каталог, а не на файл
  pzs13    iit11  да       да       25 из 25       удаление зависит от прав на каталог, а не на файл
  pzs13    iit12  да       да       25 из 25       удаление зависит от прав на каталог, а не на файл
  pzs13    iit21  да       да       25 из 25       удаление зависит от прав на каталог, а не на файл
  pzs13    iit22  да       да       25 из 25       удаление зависит от прав на каталог, а не на файл
  pzs13    iit3   да       да       25 из 25       удаление зависит от прав на каталог, а не на файл
  pzs13    root   да       да       25 из 25       удаление зависит от прав на каталог, а не на файл
  pzs14    iit11  да       да       25 из 25       удаление зависит от прав на каталог, а не на файл
  pzs14    iit12  да       да       25 из 25       удаление зависит от прав на каталог, а не на файл
  pzs14    iit21  да       да       25 из 25       удаление зависит от прав на каталог, а не на файл
  pzs14    iit22  да       да       25 из 25       удаление зависит от прав на каталог, а не на файл
  pzs14    iit3   да       да       25 из 25       удаление зависит от прав на каталог, а не на файл
  pzs14    root   да       да       25 из 25       удаление зависит от прав на каталог, а не на файл
  pzs15    iit11  нет      нет      нет файлов     
  pzs15    iit12  нет      нет      нет файлов     
  pzs15    iit21  нет      нет      нет файлов     
  pzs15    iit22  нет      нет      нет файлов     
  pzs15    iit3   нет      нет      нет файлов     
  pzs15    root   да       да       нет файлов     

==============================================================================
Шаг 17. Удаление созданных объектов
==============================================================================
  каталоги /pzs и /var/tmp/pzs_template удалены
  пользователи удалены: да
  группы удалены: да
  каталог /pzs существует: нет

Работа завершена, система возвращена в исходное состояние.
